Hãy
tham dự
Cuộc thi
viết
phóng sự
-
ký sự
báo
Tuổi Trẻ
2004
