cộng
hòa
<<<<<<< HEAD
xã hội chủ nghĩa
=======
xã hội chủ nghĩa
>>>>>>> upstream/master
