Hơn
2
tỷ
USD
vốn
đầu tư
này
sẽ
được
huy động từ
hai
nguồn
chính
:
Cụ thể
,
vốn
góp
của
nhà
đầu tư
là
Công ty
CP
Mặt Trời
Vân Đồn
(
thuộc
Sun
Group
)
khoảng
7.125
tỷ
đồng
,
tương đương
312,5
triệu
USD
,
chiếm
15
%
tổng
vốn
đầu tư
.
85
%
tổng
vốn
đầu tư
còn lại
(
khoảng
40.356,9
tỷ
đồng
)
sẽ
vay
từ
Ngân hàng
TMCP
Công Thương
Việt Nam
(
VietinBank
)
–
chi nhánh
Hà Nội
theo
tiến độ
dự kiến
từ
quý
II
/
2017
đến
hết
quý
IV
/
2021
.