Vì vậy
,
để
hiểu
thêm
về
ngôn ngữ
của
người
dân
xứ
Quảng
qua
đó
hiểu
về
con người
vùng đất
này
hơn
và
cũng
để
bổ sung
thêm
nguồn
tư liệu
dạy
và
học
Ngữ văn
địa phương
,
bài
viết
xin
giới thiệu
một
số từ
địa phương
so với
từ phổ thông
(
toàn dân
)
và
một
số âm
địa phương
so với
âm phổ thông
(
chuẩn
-
toàn dân
)
của
người
Quảng Nam
để
các
bạn
đồng nghiệp
và
các
em
học sinh
tham khảo