Liên quan
đến
sự việc
trên
,
sáng
30/3
,
trao đổi
với
phóng viên
Dân trí
,
Thiếu tá
Nguyễn
Anh
Dũng
-
Phó
trưởng
Công an
TP
Vĩnh Yên
(
Vĩnh Phúc
)
-
cho
biết
,
ngay
khi
nhận
được
thông tin
,
đơn vị
này
đã
vào cuộc
điều tra
và
xác định
người
đánh đập
cháu
H.
là
ông
Hoàng
Văn
L.
(
bố đẻ
của
cháu
H.
)
.