Phát biểu
trước
báo giới
,
cựu
tiền vệ
MU
,
Paul
Scholes
đánh giá
MU
đứng
trước
cơ hội
lớn
vô địch
Europa
League